// Jest Snapshot v1, https://goo.gl/fbAQLP

exports[`Storyshots Button with some emoji 1`] = `
.vxQxr {
  border: 1px solid #eee;
  borderRadius: 3;
  backgroundColor: #FFFFFF;
  cursor: pointer;
  fontSize: 15;
  padding: 3px 10px;
  margin: 10;
}

<button
  className="sc-bdVaJa vxQxr"
  onClick={[Function]}
>
  üòÄ üòé üëç üíØ
</button>
`;

exports[`Storyshots Button with text 1`] = `
.vxQxr {
  border: 1px solid #eee;
  borderRadius: 3;
  backgroundColor: #FFFFFF;
  cursor: pointer;
  fontSize: 15;
  padding: 3px 10px;
  margin: 10;
}

<button
  className="sc-bdVaJa vxQxr"
  onClick={[Function]}
>
  Hello Button
</button>
`;

exports[`Storyshots Foo default 1`] = `


<span
  className="classname"
>
  Foo
</span>
`;

exports[`Storyshots Welcome to Storybook 1`] = `
<div
  style={
    Object {
      "fontFamily": "\\"Helvetica Neue\\", Helvetica, \\"Segoe UI\\", Arial, freesans, sans-serif",
      "lineHeight": 1.4,
      "margin": 15,
      "maxWidth": 600,
    }
  }
>
  <h1>
    Welcome to STORYBOOK
  </h1>
  <p>
    This is a UI component dev environment for your app.
  </p>
  <p>
    We've added some basic stories inside the
     
    <code
      style={
        Object {
          "backgroundColor": "#f3f2f2",
          "border": "1px solid #eae9e9",
          "borderRadius": 4,
          "color": "#3a3a3a",
          "fontSize": 15,
          "fontWeight": 600,
          "padding": "2px 5px",
        }
      }
    >
      src/stories
    </code>
     
    directory.
    <br />
    A story is a single state of one or more UI components. You can have as many stories as you want.
    <br />
    (Basically a story is like a visual test case.)
  </p>
  <p>
    See these sample
     
    <a
      onClick={[Function]}
      role="button"
      style={
        Object {
          "borderBottom": "1px solid #1474f3",
          "color": "#1474f3",
          "paddingBottom": 2,
          "textDecoration": "none",
        }
      }
      tabIndex="0"
    >
      stories
    </a>
     
    for a component called
     
    <code
      style={
        Object {
          "backgroundColor": "#f3f2f2",
          "border": "1px solid #eae9e9",
          "borderRadius": 4,
          "color": "#3a3a3a",
          "fontSize": 15,
          "fontWeight": 600,
          "padding": "2px 5px",
        }
      }
    >
      Button
    </code>
    .
  </p>
  <p>
    Just like that, you can add your own components as stories.
    <br />
    You can also edit those components and see changes right away.
    <br />
    (Try editing the 
    <code
      style={
        Object {
          "backgroundColor": "#f3f2f2",
          "border": "1px solid #eae9e9",
          "borderRadius": 4,
          "color": "#3a3a3a",
          "fontSize": 15,
          "fontWeight": 600,
          "padding": "2px 5px",
        }
      }
    >
      Button
    </code>
     component located at 
    <code
      style={
        Object {
          "backgroundColor": "#f3f2f2",
          "border": "1px solid #eae9e9",
          "borderRadius": 4,
          "color": "#3a3a3a",
          "fontSize": 15,
          "fontWeight": 600,
          "padding": "2px 5px",
        }
      }
    >
      src/stories/Button.js
    </code>
    .)
  </p>
  <p>
    This is just one thing you can do with Storybook.
    <br />
    Have a look at the
     
    <a
      href="https://github.com/storybooks/storybook"
      rel="noopener noreferrer"
      style={
        Object {
          "borderBottom": "1px solid #1474f3",
          "color": "#1474f3",
          "paddingBottom": 2,
          "textDecoration": "none",
        }
      }
      target="_blank"
    >
      Storybook
    </a>
     
    repo for more information.
  </p>
  <p
    style={
      Object {
        "opacity": 0.5,
      }
    }
  >
    <b>
      NOTE:
    </b>
    <br />
    Have a look at the
     
    <code
      style={
        Object {
          "backgroundColor": "#f3f2f2",
          "border": "1px solid #eae9e9",
          "borderRadius": 4,
          "color": "#3a3a3a",
          "fontSize": 15,
          "fontWeight": 600,
          "padding": "2px 5px",
        }
      }
    >
      .storybook/webpack.config.js
    </code>
     
    to add webpack loaders and plugins you are using in this project.
  </p>
</div>
`;
